Server stderr: Plainly Videos MCP Server Pro running on stdio


🧪 Testing Plainly MCP Server...


📤 Sending: initialize

✅ Response 1: {
  "result": {
    "protocolVersion": "2024-11-05",
    "capabilities": {
      "tools": {},
      "resources": {},
      "prompts": {}
    },
    "serverInfo": {
      "name": "plainly-videos-pro",
      "version": "2.0.0"
    }
  },
  "jsonrpc": "2.0",
  "id": 1
}

📤 Sending: tools/list

✅ Response 2: {
  "result": {
    "tools": [
      {
        "name": "list_projects",
        "description": "List all Plainly projects",
        "inputSchema": {
          "type": "object",
          "properties": {}
        }
      },
      {
        "name": "get_project",
        "description": "Get details of a specific project",
        "inputSchema": {
          "type": "object",
          "properties": {
            "projectId": {
              "type": "string",
              "description": "Project ID"
            }
          },
          "required": [
            "projectId"
          ]
        }
      },
      {
        "name": "create_project",
        "description": "Create a new video project",
        "inputSchema": {
          "type": "object",
          "properties": {
            "name": {
              "type": "string",
              "description": "Project name"
            },
            "description": {
              "type": "string",
              "description": "Project description"
            },
            "metadata": {
              "type": "object",
              "description": "Additional metadata"
            }
          },
          "required": [
            "name"
          ]
        }
      },
      {
        "name": "update_project",
        "description": "Update an existing project",
        "inputSchema": {
          "type": "object",
          "properties": {
            "projectId": {
              "type": "string",
              "description": "Project ID"
            },
            "name": {
              "type": "string",
              "description": "New project name"
            },
            "description": {
              "type": "string",
              "description": "New description"
            },
            "metadata": {
              "type": "object",
              "description": "Updated metadata"
            }
          },
          "required": [
            "projectId"
          ]
        }
      },
      {
        "name": "delete_project",
        "description": "Delete a project",
        "inputSchema": {
          "type": "object",
          "properties": {
            "projectId": {
              "type": "string",
              "description": "Project ID to delete"
            }
          },
          "required": [
            "projectId"
          ]
        }
      },
      {
        "name": "list_templates",
        "description": "List all templates for a project",
        "inputSchema": {
          "type": "object",
          "properties": {
            "projectId": {
              "type": "string",
              "description": "Project ID"
            }
          },
          "required": [
            "projectId"
          ]
        }
      },
      {
        "name": "get_template",
        "description": "Get template details including parameters and preview",
        "inputSchema": {
          "type": "object",
          "properties": {
            "projectId": {
              "type": "string",
              "description": "Project ID"
            },
            "templateId": {
              "type": "string",
              "description": "Template ID"
            }
          },
          "required": [
            "projectId",
            "templateId"
          ]
        }
      },
      {
        "name": "create_render",
        "description": "Create a new video render with custom parameters",
        "inputSchema": {
          "type": "object",
          "properties": {
            "projectId": {
              "type": "string",
              "description": "Project ID"
            },
            "templateId": {
              "type": "string",
              "description": "Template ID (optional)"
            },
            "parameters": {
              "type": "object",
              "description": "Dynamic parameters for the video (text, images, etc.)"
            },
            "output": {
              "type": "object",
              "description": "Output settings (format, quality, resolution)"
            },
            "webhook": {
              "type": "string",
              "description": "Webhook URL for notifications"
            },
            "metadata": {
              "type": "object",
              "description": "Custom metadata"
            }
          },
          "required": [
            "projectId",
            "parameters"
          ]
        }
      },
      {
        "name": "get_render",
        "description": "Check render status and get video URL when complete",
        "inputSchema": {
          "type": "object",
          "properties": {
            "renderId": {
              "type": "string",
              "description": "Render ID"
            }
          },
          "required": [
            "renderId"
          ]
        }
      },
      {
        "name": "list_renders",
        "description": "List renders with optional filtering",
        "inputSchema": {
          "type": "object",
          "properties": {
            "projectId": {
              "type": "string",
              "description": "Filter by project ID"
            },
            "status": {
              "type": "string",
              "description": "Filter by status (pending, processing, completed, failed)"
            },
            "limit": {
              "type": "number",
              "description": "Maximum results (default: 50)"
            },
            "offset": {
              "type": "number",
              "description": "Pagination offset"
            }
          }
        }
      },
      {
        "name": "cancel_render",
        "description": "Cancel a pending or processing render",
        "inputSchema": {
          "type": "object",
          "properties": {
            "renderId": {
              "type": "string",
              "description": "Render ID to cancel"
            }
          },
          "required": [
            "renderId"
          ]
        }
      },
      {
        "name": "delete_render",
        "description": "Delete a render and its associated video",
        "inputSchema": {
          "type": "object",
          "properties": {
            "renderId": {
              "type": "string",
              "description": "Render ID to delete"
            }
          },
          "required": [
            "renderId"
          ]
        }
      },
      {
        "name": "retry_render",
        "description": "Retry a failed render with the same parameters",
        "inputSchema": {
          "type": "object",
          "properties": {
            "renderId": {
              "type": "string",
              "description": "Failed render ID"
            }
          },
          "required": [
            "renderId"
          ]
        }
      },
      {
        "name": "batch_render",
        "description": "Render multiple videos at once",
        "inputSchema": {
          "type": "object",
          "properties": {
            "renders": {
              "type": "array",
              "description": "Array of render requests",
              "items": {
                "type": "object"
              }
            }
          },
          "required": [
            "renders"
          ]
        }
      },
      {
        "name": "list_assets",
        "description": "List uploaded assets (images, videos, audio)",
        "inputSchema": {
          "type": "object",
          "properties": {
            "type": {
              "type": "string",
              "description": "Filter by type (image, video, audio)"
            },
            "limit": {
              "type": "number",
              "description": "Maximum results"
            },
            "offset": {
              "type": "number",
              "description": "Pagination offset"
            }
          }
        }
      },
      {
        "name": "upload_asset",
        "description": "Register an asset URL for use in renders",
        "inputSchema": {
          "type": "object",
          "properties": {
            "name": {
              "type": "string",
              "description": "Asset name"
            },
            "url": {
              "type": "string",
              "description": "Public URL of the asset"
            },
            "type": {
              "type": "string",
              "description": "Asset type",
              "enum": [
                "image",
                "video",
                "audio"
              ]
            },
            "metadata": {
              "type": "object",
              "description": "Additional metadata"
            }
          },
          "required": [
            "name",
            "url",
            "type"
          ]
        }
      },
      {
        "name": "delete_asset",
        "description": "Delete an asset",
        "inputSchema": {
          "type": "object",
          "properties": {
            "assetId": {
              "type": "string",
              "description": "Asset ID"
            }
          },
          "required": [
            "assetId"
          ]
        }
      },
      {
        "name": "get_render_stats",
        "description": "Get render statistics and analytics",
        "inputSchema": {
          "type": "object",
          "properties": {
            "projectId": {
              "type": "string",
              "description": "Filter by project"
            },
            "startDate": {
              "type": "string",
              "description": "Start date (ISO 8601)"
            },
            "endDate": {
              "type": "string",
              "description": "End date (ISO 8601)"
            }
          }
        }
      },
      {
        "name": "list_webhooks",
        "description": "List all configured webhooks",
        "inputSchema": {
          "type": "object",
          "properties": {}
        }
      },
      {
        "name": "create_webhook",
        "description": "Create a new webhook for render notifications",
        "inputSchema": {
          "type": "object",
          "properties": {
            "url": {
              "type": "string",
              "description": "Webhook URL"
            },
            "events": {
              "type": "array",
              "description": "Events to trigger webhook",
              "items": {
                "type": "string"
              }
            },
            "active": {
              "type": "boolean",
              "description": "Webhook active status"
            }
          },
          "required": [
            "url",
            "events"
          ]
        }
      },
      {
        "name": "delete_webhook",
        "description": "Delete a webhook",
        "inputSchema": {
          "type": "object",
          "properties": {
            "webhookId": {
              "type": "string",
              "description": "Webhook ID"
            }
          },
          "required": [
            "webhookId"
          ]
        }
      }
    ]
  },
  "jsonrpc": "2.0",
  "id": 2
}

📤 Sending: resources/list

✅ Response 3: {
  "result": {
    "resources": [
      {
        "uri": "plainly://projects",
        "name": "All Projects",
        "description": "List of all Plainly video projects",
        "mimeType": "application/json"
      },
      {
        "uri": "plainly://renders/recent",
        "name": "Recent Renders",
        "description": "Most recent video renders across all projects",
        "mimeType": "application/json"
      },
      {
        "uri": "plainly://renders/completed",
        "name": "Completed Renders",
        "description": "All successfully completed renders",
        "mimeType": "application/json"
      },
      {
        "uri": "plainly://renders/failed",
        "name": "Failed Renders",
        "description": "All failed renders for debugging",
        "mimeType": "application/json"
      },
      {
        "uri": "plainly://renders/pending",
        "name": "Pending Renders",
        "description": "Renders currently in queue or processing",
        "mimeType": "application/json"
      },
      {
        "uri": "plainly://assets",
        "name": "All Assets",
        "description": "Library of uploaded assets (images, videos, audio)",
        "mimeType": "application/json"
      },
      {
        "uri": "plainly://stats/overview",
        "name": "Statistics Overview",
        "description": "Overall rendering statistics and metrics",
        "mimeType": "application/json"
      },
      {
        "uri": "plainly://webhooks",
        "name": "Webhooks",
        "description": "Configured webhook endpoints",
        "mimeType": "application/json"
      }
    ]
  },
  "jsonrpc": "2.0",
  "id": 3
}

📤 Sending: prompts/list

✅ Response 4: {
  "result": {
    "prompts": [
      {
        "name": "create-social-media-video",
        "description": "Create a social media video from a template",
        "arguments": [
          {
            "name": "projectId",
            "description": "The Plainly project ID",
            "required": true
          },
          {
            "name": "title",
            "description": "Video title text",
            "required": true
          },
          {
            "name": "description",
            "description": "Video description or subtitle",
            "required": false
          }
        ]
      },
      {
        "name": "batch-product-videos",
        "description": "Create multiple product videos from a list",
        "arguments": [
          {
            "name": "projectId",
            "description": "The Plainly project ID",
            "required": true
          },
          {
            "name": "products",
            "description": "JSON array of products with name, price, image fields",
            "required": true
          }
        ]
      },
      {
        "name": "personalized-greeting",
        "description": "Create personalized greeting videos",
        "arguments": [
          {
            "name": "projectId",
            "description": "The Plainly project ID",
            "required": true
          },
          {
            "name": "recipientName",
            "description": "Name of the recipient",
            "required": true
          },
          {
            "name": "message",
            "description": "Custom message",
            "required": true
          }
        ]
      },
      {
        "name": "check-render-progress",
        "description": "Check progress of renders and get completed video URLs",
        "arguments": [
          {
            "name": "projectId",
            "description": "Optional project ID to filter by",
            "required": false
          }
        ]
      },
      {
        "name": "video-workflow",
        "description": "Complete video creation workflow from template to delivery",
        "arguments": [
          {
            "name": "projectId",
            "description": "The Plainly project ID",
            "required": true
          },
          {
            "name": "templateId",
            "description": "Template ID to use",
            "required": true
          },
          {
            "name": "customizations",
            "description": "JSON object with text, image, and other customizations",
            "required": true
          }
        ]
      },
      {
        "name": "analyze-render-stats",
        "description": "Analyze rendering performance and success rates",
        "arguments": [
          {
            "name": "timeframe",
            "description": "Timeframe: 'today', 'week', 'month', or 'all'",
            "required": false
          }
        ]
      },
      {
        "name": "troubleshoot-failed-renders",
        "description": "Identify and help fix failed renders",
        "arguments": []
      },
      {
        "name": "setup-webhook",
        "description": "Setup webhook for render notifications",
        "arguments": [
          {
            "name": "webhookUrl",
            "description": "URL to receive webhook notifications",
            "required": true
          },
          {
            "name": "events",
            "description": "Comma-separated events: render.completed, render.failed",
            "required": true
          }
        ]
      }
    ]
  },
  "jsonrpc": "2.0",
  "id": 4
}

📤 Sending: tools/call

📤 Sending: resources/read

✅ Response 5: {
  "result": {
    "content": [
      {
        "type": "text",
        "text": "[]"
      }
    ]
  },
  "jsonrpc": "2.0",
  "id": 5
}

✅ Response 6: {
  "result": {
    "contents": [
      {
        "uri": "plainly://projects",
        "mimeType": "application/json",
        "text": "{\n  \"total\": 0,\n  \"projects\": []\n}"
      }
    ]
  },
  "jsonrpc": "2.0",
  "id": 6
}


✅ All tests completed!
